INFO:     Started server process [21860]
INFO:     Waiting for application startup.
INFO:     Application startup complete.
INFO:     Uvicorn running on http://127.0.0.1:8000 (Press CTRL+C to quit)
INFO:     127.0.0.1:61209 - "GET /api/ndvi/status HTTP/1.1" 200 OK
INFO:     127.0.0.1:61209 - "GET /api/risk/stream HTTP/1.1" 200 OK
FIRMS_API_KEY not set, using fallback active_fires_nearby=0
FIRMS_API_KEY not set, using fallback active_fires_nearby=0
FIRMS_API_KEY not set, using fallback active_fires_nearby=0
FIRMS_API_KEY not set, using fallback active_fires_nearby=0
FIRMS_API_KEY not set, using fallback active_fires_nearby=0
FIRMS_API_KEY not set, using fallback active_fires_nearby=0
INFO:     127.0.0.1:54153 - "GET /api/risk/stream HTTP/1.1" 200 OK
FIRMS_API_KEY not set, using fallback active_fires_nearby=0
FIRMS_API_KEY not set, using fallback active_fires_nearby=0
FIRMS_API_KEY not set, using fallback active_fires_nearby=0
FIRMS_API_KEY not set, using fallback active_fires_nearby=0
FIRMS_API_KEY not set, using fallback active_fires_nearby=0
FIRMS_API_KEY not set, using fallback active_fires_nearby=0
FIRMS_API_KEY not set, using fallback active_fires_nearby=0
FIRMS_API_KEY not set, using fallback active_fires_nearby=0
FIRMS_API_KEY not set, using fallback active_fires_nearby=0
FIRMS_API_KEY not set, using fallback active_fires_nearby=0
FIRMS_API_KEY not set, using fallback active_fires_nearby=0
FIRMS_API_KEY not set, using fallback active_fires_nearby=0
INFO:     127.0.0.1:56246 - "GET /api/ndvi/status HTTP/1.1" 200 OK
